[html.ditsolution.net/leadership/index.html]
[backblue.gif]
[fade.gif]
[index.html]
[html.ditsolution.net/leadership/assets/images/fav-icon/icon.png]
[html.ditsolution.net/leadership/assets/css/bootstrap.min.css]
[html.ditsolution.net/leadership/venobox/venobox.css]
[html.ditsolution.net/leadership/assets/css/nivo-slider.css]
[html.ditsolution.net/leadership/assets/css/animate.css]
[html.ditsolution.net/leadership/assets/css/slick.css]
[html.ditsolution.net/leadership/assets/css/owl.carousel.css]
[html.ditsolution.net/leadership/assets/css/owl.transitions.css]
[html.ditsolution.net/leadership/assets/css/all.min.css]
[html.ditsolution.net/leadership/assets/css/meanmenu.min.css]
[html.ditsolution.net/leadership/assets/css/theme-default.css]
[html.ditsolution.net/leadership/assets/css/widget.css]
[html.ditsolution.net/leadership/assets/css/unittest.css]
[html.ditsolution.net/leadership/style.css]
[html.ditsolution.net/leadership/assets/css/responsive.css]
[html.ditsolution.net/leadership/assets/css/rs6.css]
[html.ditsolution.net/leadership/assets/images/1.png]
[html.ditsolution.net/leadership/index-2.html]
[html.ditsolution.net/leadership/index-5.html]
[html.ditsolution.net/leadership/index-6.html]
[html.ditsolution.net/leadership/index-7.html]
[html.ditsolution.net/leadership/index-8.html]
[html.ditsolution.net/leadership/index-9.html]
[html.ditsolution.net/leadership/index-10.html]
[html.ditsolution.net/leadership/index-3.html]
[html.ditsolution.net/leadership/index-4.html]
[html.ditsolution.net/leadership/about.html]
[html.ditsolution.net/leadership/about-two.html]
[html.ditsolution.net/leadership/team.html]
[html.ditsolution.net/leadership/typography.html]
[html.ditsolution.net/leadership/service.html]
[html.ditsolution.net/leadership/portfolio.html]
[html.ditsolution.net/leadership/portfolio-1.html]
[html.ditsolution.net/leadership/portfolio-2.html]
[html.ditsolution.net/leadership/portfolio-3.html]
[html.ditsolution.net/leadership/portfolio-4.html]
[html.ditsolution.net/leadership/portfolio-5.html]
[html.ditsolution.net/leadership/portfolio-6.html]
[html.ditsolution.net/leadership/event.html]
[html.ditsolution.net/leadership/single-event.html]
[html.ditsolution.net/leadership/blog.html]
[html.ditsolution.net/leadership/blog-left-sidebar.html]
[html.ditsolution.net/leadership/blog-right-sidebar.html]
[html.ditsolution.net/leadership/blog-right-sidebar-2column.html]
[html.ditsolution.net/leadership/blog-left-sidebar-2column.html]
[html.ditsolution.net/leadership/blog-details.html]
[html.ditsolution.net/leadership/contact.html]
[html.ditsolution.net/leadership/assets/images/section9.jpg]
[html.ditsolution.net/leadership/assets/images/section2.jpg]
[html.ditsolution.net/leadership/assets/images/leader1.jpg]
[html.ditsolution.net/leadership/assets/images/sing.png]
[html.ditsolution.net/leadership/assets/images/icon.png]
[html.ditsolution.net/leadership/assets/images/feature1.jpg]
[html.ditsolution.net/leadership/assets/images/feature.jpg]
[html.ditsolution.net/leadership/assets/images/feature3.jpg]
[html.ditsolution.net/leadership/assets/images/i.png]
[html.ditsolution.net/leadership/assets/images/vots.jpg]
[html.ditsolution.net/leadership/assets/images/srv2.jpg]
[html.ditsolution.net/leadership/assets/images/srv3.jpg]
[html.ditsolution.net/leadership/assets/images/video-bg.jpg]
[html.ditsolution.net/leadership/assets/images/18.jpg]
[html.ditsolution.net/leadership/assets/images/19.jpg]
[html.ditsolution.net/leadership/assets/images/20.jpg]
[html.ditsolution.net/leadership/assets/images/p1.jpg]
[html.ditsolution.net/leadership/portfolio-details.html]
[html.ditsolution.net/leadership/assets/images/p2.jpg]
[html.ditsolution.net/leadership/assets/images/p3.jpg]
[html.ditsolution.net/leadership/assets/images/p5.jpg]
[html.ditsolution.net/leadership/assets/images/p4.jpg]
[html.ditsolution.net/leadership/assets/images/p6.jpg]
[html.ditsolution.net/leadership/assets/images/team1.jpg]
[html.ditsolution.net/leadership/assets/images/team2.jpg]
[html.ditsolution.net/leadership/assets/images/team3.jpg]
[html.ditsolution.net/leadership/assets/images/team4.jpg]
[html.ditsolution.net/leadership/single-blog.html]
[html.ditsolution.net/leadership/assets/images/blog1.jpg]
[html.ditsolution.net/leadership/assets/images/blog2.jpg]
[html.ditsolution.net/leadership/assets/images/blog3.jpg]
[html.ditsolution.net/leadership/assets/images/blog4.jpg]
[html.ditsolution.net/leadership/assets/images/blog5.jpg]
[html.ditsolution.net/leadership/assets/images/recent1.jpg]
[html.ditsolution.net/leadership/assets/images/recent2.jpg]
[html.ditsolution.net/leadership/assets/images/recent3.jpg]
[html.ditsolution.net/leadership/assets/js/vendor/jquery-3.2.1.min.js]
[html.ditsolution.net/leadership/assets/js/bootstrap.min.js]
[html.ditsolution.net/leadership/assets/js/jquery.directional-hover.min.js]
[html.ditsolution.net/leadership/assets/js/imagesloaded.pkgd.min.js]
[html.ditsolution.net/leadership/assets/js/ajax-mail.js]
[html.ditsolution.net/leadership/assets/js/jquery.meanmenu.js]
[html.ditsolution.net/leadership/assets/js/isotope.pkgd.min.js]
[html.ditsolution.net/leadership/assets/js/owl.carousel.min.js]
[html.ditsolution.net/leadership/assets/js/jquery.scrollUp.js]
[html.ditsolution.net/leadership/assets/js/jquery.nivo.slider.pack.js]
[html.ditsolution.net/leadership/assets/js/jquery.counterup.min.js]
[html.ditsolution.net/leadership/assets/js/slick.min.js]
[html.ditsolution.net/leadership/assets/js/jquery.nav.js]
[html.ditsolution.net/leadership/assets/js/wow.js]
[html.ditsolution.net/leadership/assets/js/jquery-scrolltofixed-min.js]
[html.ditsolution.net/leadership/venobox/venobox.min.js]
[html.ditsolution.net/leadership/assets/js/waypoints.min.js]
[html.ditsolution.net/leadership/assets/js/jquery.countdown.min.js]
[html.ditsolution.net/leadership/index.html]
[html.ditsolution.net/leadership/assets/css/bootstrap.min.css]
[html.ditsolution.net/leadership/assets/js/theme.js]
[html.ditsolution.net/leadership/venobox/preload-circle.png]
[html.ditsolution.net/leadership/venobox/close.gif]
[html.ditsolution.net/leadership/venobox/prev.gif]
[html.ditsolution.net/leadership/venobox/next.gif]
[html.ditsolution.net/leadership/venobox/venobox.css]
[html.ditsolution.net/leadership/assets/css/nivo-slider.css]
[html.ditsolution.net/leadership/assets/css/animate.css]
[html.ditsolution.net/leadership/assets/css/slick.css]
[html.ditsolution.net/leadership/assets/css/owl.video.play.png]
[html.ditsolution.net/leadership/assets/css/owl.carousel.css]
[html.ditsolution.net/leadership/assets/css/owl.transitions.css]
[html.ditsolution.net/leadership/assets/webfonts/fa-brands-400.woff2]
[html.ditsolution.net/leadership/assets/webfonts/fa-brands-400.ttf]
[html.ditsolution.net/leadership/assets/webfonts/fa-regular-400.woff2]
[html.ditsolution.net/leadership/assets/webfonts/fa-regular-400.ttf]
[html.ditsolution.net/leadership/assets/webfonts/fa-solid-900.woff2]
[html.ditsolution.net/leadership/assets/webfonts/fa-solid-900.ttf]
[html.ditsolution.net/leadership/assets/webfonts/fa-v4compatibility.woff2]
[html.ditsolution.net/leadership/assets/webfonts/fa-v4compatibility.ttf]
[html.ditsolution.net/leadership/assets/css/all.min.css]
[html.ditsolution.net/leadership/assets/css/meanmenu.min.css]
[html.ditsolution.net/leadership/assets/css/theme-default.css]
[html.ditsolution.net/leadership/assets/css/widget.css]
[html.ditsolution.net/leadership/assets/css/unittest.css]
[html.ditsolution.net/leadership/assets/images/slider.jpg]
[html.ditsolution.net/leadership/assets/images/slider-6.jpg]
[html.ditsolution.net/leadership/img/slider/s4.jpg]
[html.ditsolution.net/leadership/assets/images/section4.jpg]
[html.ditsolution.net/leadership/assets/images/donate.jpg]
[html.ditsolution.net/leadership/assets/images/countdown-bg.jpg]
[html.ditsolution.net/leadership/assets/images/section8.png]
[html.ditsolution.net/leadership/assets/images/section11.jpg]
[html.ditsolution.net/leadership/assets/images/section8.jpg]
[html.ditsolution.net/leadership/assets/images/video_image.jpg]
[html.ditsolution.net/leadership/assets/images/section3.jpg]
[html.ditsolution.net/leadership/assets/images/counter-bg1.jpg]
[html.ditsolution.net/leadership/assets/images/cn.jpg]
[html.ditsolution.net/leadership/assets/images/brd-bg.jpg]
[html.ditsolution.net/leadership/assets/images/biography-bg.jpg]
[html.ditsolution.net/leadership/style.css]
[html.ditsolution.net/leadership/assets/css/responsive.css]
[html.ditsolution.net/leadership/assets/fonts/revicons/revicons90c6.eot]
[html.ditsolution.net/leadership/assets/fonts/revicons/revicons90c6.woff]
[html.ditsolution.net/leadership/assets/fonts/revicons/revicons90c6.ttf]
[html.ditsolution.net/leadership/assets/fonts/revicons/revicons90c6.svg]
[html.ditsolution.net/leadership/assets/css/openhand.cur]
[html.ditsolution.net/leadership/assets/css/closedhand.cur]
[html.ditsolution.net/leadership/assets/assets/gridtile.png]
[html.ditsolution.net/leadership/assets/assets/gridtile_white.png]
[html.ditsolution.net/leadership/assets/assets/gridtile_3x3.png]
[html.ditsolution.net/leadership/assets/assets/gridtile_3x3_white.png]
[html.ditsolution.net/leadership/assets/assets/coloredbg.png]
[html.ditsolution.net/leadership/assets/assets/loader.gif]
[html.ditsolution.net/leadership/assets/css/rs6.css]
[html.ditsolution.net/leadership/assets/js/vendor/modernizr-3.5.0.min.js]
[ajax.googleapis.com/ajax/libs/jquery/1.11.1/jquery.js]
[html.ditsolution.net/leadership/assets/images/video-img3.jpg]
[html.ditsolution.net/leadership/assets/images/b1.jpg]
[html.ditsolution.net/leadership/assets/images/b4.jpg]
[html.ditsolution.net/leadership/assets/images/b3.jpg]
[html.ditsolution.net/leadership/assets/images/b2.jpg]
[html.ditsolution.net/leadership/index-2.html]
[html.ditsolution.net/leadership/assets/css/animated-text.css]
[html.ditsolution.net/leadership/assets/images/logo-trns.png]
[html.ditsolution.net/leadership/assets/js/animated-text.js]
[html.ditsolution.net/leadership/index-5.html]
[html.ditsolution.net/leadership/assets/images/service-img.png]
[html.ditsolution.net/leadership/assets/js/particles.min.js]
[html.ditsolution.net/leadership/index-6.html]
[html.ditsolution.net/leadership/assets/js/app.js]
[html.ditsolution.net/leadership/assets/images/logo.png]
[html.ditsolution.net/leadership/assets/images/sign2.png]
[html.ditsolution.net/leadership/assets/images/section5.jpg]
[html.ditsolution.net/leadership/assets/images/section6.jpg]
[html.ditsolution.net/leadership/assets/images/section7.jpg]
[html.ditsolution.net/leadership/index-7.html]
[html.ditsolution.net/leadership/assets/images/section10.jpg]
[html.ditsolution.net/leadership/assets/images/section13.jpg]
[html.ditsolution.net/leadership/index-8.html]
[html.ditsolution.net/leadership/assets/images/member.jpg]
[html.ditsolution.net/leadership/assets/images/member2.jpg]
[html.ditsolution.net/leadership/assets/images/member3.jpg]
[html.ditsolution.net/leadership/assets/images/member4.jpg]
[html.ditsolution.net/leadership/assets/images/us.png]
[html.ditsolution.net/leadership/index-9.html]
[html.ditsolution.net/leadership/index-10.html]
[html.ditsolution.net/leadership/assets/images/slider-1.jpg]
[html.ditsolution.net/leadership/assets/images/slider-2.jpg]
[html.ditsolution.net/leadership/index-3.html]
[html.ditsolution.net/leadership/index-4.html]
[html.ditsolution.net/leadership/about.html]
[html.ditsolution.net/leadership/about-two.html]
[html.ditsolution.net/leadership/team.html]
[html.ditsolution.net/leadership/typography.html]
[html.ditsolution.net/leadership/service.html]
[html.ditsolution.net/leadership/portfolio.html]
[html.ditsolution.net/leadership/portfolio-1.html]
[html.ditsolution.net/leadership/portfolio-2.html]
[html.ditsolution.net/leadership/portfolio-3.html]
[html.ditsolution.net/leadership/portfolio-4.html]
[html.ditsolution.net/leadership/portfolio-5.html]
[html.ditsolution.net/leadership/portfolio-6.html]
[html.ditsolution.net/leadership/single-event]
[html.ditsolution.net/leadership/assets/images/blog6.jpg]
[html.ditsolution.net/leadership/assets/images/1.jpg]
[html.ditsolution.net/leadership/single-portfolio.html]
[html.ditsolution.net/leadership/assets/images/4.jpg]
[html.ditsolution.net/leadership/assets/images/5.jpg]
[html.ditsolution.net/leadership/assets/images/2.jpg]
[html.ditsolution.net/leadership/event.html]
[html.ditsolution.net/leadership/assets/images/single-event.jpg]
[html.ditsolution.net/leadership/assets/images/n.jpg]
[html.ditsolution.net/leadership/assets/images/n1.jpg]
[html.ditsolution.net/leadership/assets/images/n2.jpg]
[html.ditsolution.net/leadership/assets/images/n3.jpg]
[html.ditsolution.net/leadership/assets/images/n4.jpg]
[html.ditsolution.net/leadership/assets/images/n5.jpg]
[html.ditsolution.net/leadership/single-event.html]
[html.ditsolution.net/leadership/blog.html]
[html.ditsolution.net/leadership/blog-left-sidebar.html]
[html.ditsolution.net/leadership/blog-right-sidebar.html]
[html.ditsolution.net/leadership/blog-right-sidebar-2column.html]
[html.ditsolution.net/leadership/blog-left-sidebar-2column.html]
[html.ditsolution.net/leadership/blog-details.html]
[html.ditsolution.net/leadership/contact.html]
[html.ditsolution.net/leadership/assets/images/new.jpg]
[html.ditsolution.net/leadership/portfolio-details.html]
[html.ditsolution.net/leadership/single-blog.html]
[html.ditsolution.net/leadership/assets/js/vendor/jquery-3.2.1.min.js]
[html.ditsolution.net/leadership/popper.js]
[html.ditsolution.net/leadership/assets/js/bootstrap.min.js]
[html.ditsolution.net/leadership/assets/js/jquery.directional-hover.min.js]
[html.ditsolution.net/leadership/assets/js/imagesloaded.pkgd.min.js]
[html.ditsolution.net/leadership/assets/js/ajax-mail.js]
[html.ditsolution.net/leadership/assets/js/jquery.meanmenu.js]
[html.ditsolution.net/leadership/assets/js/isotope.pkgd.min.js]
[html.ditsolution.net/leadership/assets/js/owl.carousel.min.js]
[html.ditsolution.net/leadership/assets/js/jquery.scrollUp.js]
[html.ditsolution.net/leadership/assets/js/jquery.nivo.slider.pack.js]
[html.ditsolution.net/leadership/assets/js/jquery.counterup.min.js]
[html.ditsolution.net/leadership/assets/js/slick.min.js]
[html.ditsolution.net/leadership/assets/js/jquery.nav.js]
[html.ditsolution.net/leadership/assets/js/wow.js]
[html.ditsolution.net/leadership/assets/js/jquery-scrolltofixed-min.js]
[html.ditsolution.net/leadership/venobox/venobox.min.js]
[html.ditsolution.net/leadership/assets/js/waypoints.min.js]
[html.ditsolution.net/leadership/assets/js/jquery.countdown.min.js]
[html.ditsolution.net/leadership/assets/js/theme.js]
[html.ditsolution.net/leadership/assets/css/owl.video.play.html]
[html.ditsolution.net/leadership/img/slider/s4.html]
[html.ditsolution.net/leadership/assets/images/cn.html]
[html.ditsolution.net/leadership/assets/fonts/revicons/revicons90c6.svg]
[html.ditsolution.net/leadership/assets/css/openhand.html]
[html.ditsolution.net/leadership/assets/css/closedhand.html]
[html.ditsolution.net/leadership/assets/assets/gridtile.html]
[html.ditsolution.net/leadership/assets/assets/gridtile_white.html]
[html.ditsolution.net/leadership/assets/assets/gridtile_3x3.html]
[html.ditsolution.net/leadership/assets/assets/gridtile_3x3_white.html]
[html.ditsolution.net/leadership/assets/assets/coloredbg.html]
[html.ditsolution.net/leadership/assets/assets/loader.html]
[html.ditsolution.net/leadership/assets/js/vendor/modernizr-3.5.0.min.js]
[html.ditsolution.net/leadership/assets/css/animated-text.css]
[html.ditsolution.net/leadership/assets/js/animated-text.js]
[html.ditsolution.net/leadership/GET]
[html.ditsolution.net/leadership/Error pJS - No image.src]
[html.ditsolution.net/leadership/assets/js/particles.min.js]
[html.ditsolution.net/leadership/assets/js/app.js]
[html.ditsolution.net/leadership/single-event-2.html]
[html.ditsolution.net/leadership/assets/images/1.html]
[html.ditsolution.net/leadership/single-portfolio.html]
[html.ditsolution.net/leadership/assets/images/4.html]
[html.ditsolution.net/leadership/assets/images/5.html]
[html.ditsolution.net/leadership/assets/images/2.html]
[html.ditsolution.net/leadership/popper.html]
[html.ditsolution.net/leadership/GET.html]
[html.ditsolution.net/leadership/Error pJS - No image.html]
